
############################################################################################################################################################################################
############################################################################# BLOCK RAM MAPPING REPORT #####################################################################################
############################################################################################################################################################################################
RTL Instance                                                                                                                     Mapped                     Type       RTL Size    No of BRAMs    No of URAMs
                                                                                                                                                                  (width*depth)                              
======================================================================================================================================================================================================================================
L0.kernel0[16:0]                                                                                                                     No                      rom    (17)* 2^(4)              0              0
L0.kernel1[15:0]                                                                                                                     No                      rom    (16)* 2^(4)              0              0
L0.correction[7:0]                                                                                                                   No                      rom     (8)* 2^(4)              0              0
